Archive member included because of file (symbol)

c:/users/mau1sgh/mentorgraphics/sourcery_codebench_lite_for_arm_eabi/bin/../lib/gcc/arm-none-eabi/4.8.1/../../../../arm-none-eabi/lib\libc.a(lib_a-printf.o)
                              ./out/main.o (printf)
c:/users/mau1sgh/mentorgraphics/sourcery_codebench_lite_for_arm_eabi/bin/../lib/gcc/arm-none-eabi/4.8.1/../../../../arm-none-eabi/lib\libc.a(lib_a-puts.o)
                              ./out/main.o (puts)
c:/users/mau1sgh/mentorgraphics/sourcery_codebench_lite_for_arm_eabi/bin/../lib/gcc/arm-none-eabi/4.8.1/../../../../arm-none-eabi/lib\libc.a(lib_a-strlen.o)
                              c:/users/mau1sgh/mentorgraphics/sourcery_codebench_lite_for_arm_eabi/bin/../lib/gcc/arm-none-eabi/4.8.1/../../../../arm-none-eabi/lib\libc.a(lib_a-puts.o) (strlen)
c:/users/mau1sgh/mentorgraphics/sourcery_codebench_lite_for_arm_eabi/bin/../lib/gcc/arm-none-eabi/4.8.1/../../../../arm-none-eabi/lib\libc.a(lib_a-vfprintf.o)
                              c:/users/mau1sgh/mentorgraphics/sourcery_codebench_lite_for_arm_eabi/bin/../lib/gcc/arm-none-eabi/4.8.1/../../../../arm-none-eabi/lib\libc.a(lib_a-printf.o) (_vfprintf_r)
c:/users/mau1sgh/mentorgraphics/sourcery_codebench_lite_for_arm_eabi/bin/../lib/gcc/arm-none-eabi/4.8.1/../../../../arm-none-eabi/lib\libc.a(lib_a-wsetup.o)
                              c:/users/mau1sgh/mentorgraphics/sourcery_codebench_lite_for_arm_eabi/bin/../lib/gcc/arm-none-eabi/4.8.1/../../../../arm-none-eabi/lib\libc.a(lib_a-vfprintf.o) (__swsetup_r)
c:/users/mau1sgh/mentorgraphics/sourcery_codebench_lite_for_arm_eabi/bin/../lib/gcc/arm-none-eabi/4.8.1/../../../../arm-none-eabi/lib\libc.a(lib_a-dtoa.o)
                              c:/users/mau1sgh/mentorgraphics/sourcery_codebench_lite_for_arm_eabi/bin/../lib/gcc/arm-none-eabi/4.8.1/../../../../arm-none-eabi/lib\libc.a(lib_a-vfprintf.o) (_dtoa_r)
c:/users/mau1sgh/mentorgraphics/sourcery_codebench_lite_for_arm_eabi/bin/../lib/gcc/arm-none-eabi/4.8.1/../../../../arm-none-eabi/lib\libc.a(lib_a-fflush.o)
                              c:/users/mau1sgh/mentorgraphics/sourcery_codebench_lite_for_arm_eabi/bin/../lib/gcc/arm-none-eabi/4.8.1/../../../../arm-none-eabi/lib\libc.a(lib_a-vfprintf.o) (_fflush_r)
c:/users/mau1sgh/mentorgraphics/sourcery_codebench_lite_for_arm_eabi/bin/../lib/gcc/arm-none-eabi/4.8.1/../../../../arm-none-eabi/lib\libc.a(lib_a-findfp.o)
                              c:/users/mau1sgh/mentorgraphics/sourcery_codebench_lite_for_arm_eabi/bin/../lib/gcc/arm-none-eabi/4.8.1/../../../../arm-none-eabi/lib\libc.a(lib_a-vfprintf.o) (__sinit)
c:/users/mau1sgh/mentorgraphics/sourcery_codebench_lite_for_arm_eabi/bin/../lib/gcc/arm-none-eabi/4.8.1/../../../../arm-none-eabi/lib\libc.a(lib_a-freer.o)
                              c:/users/mau1sgh/mentorgraphics/sourcery_codebench_lite_for_arm_eabi/bin/../lib/gcc/arm-none-eabi/4.8.1/../../../../arm-none-eabi/lib\libc.a(lib_a-wsetup.o) (_free_r)
c:/users/mau1sgh/mentorgraphics/sourcery_codebench_lite_for_arm_eabi/bin/../lib/gcc/arm-none-eabi/4.8.1/../../../../arm-none-eabi/lib\libc.a(lib_a-fvwrite.o)
                              c:/users/mau1sgh/mentorgraphics/sourcery_codebench_lite_for_arm_eabi/bin/../lib/gcc/arm-none-eabi/4.8.1/../../../../arm-none-eabi/lib\libc.a(lib_a-puts.o) (__sfvwrite_r)
c:/users/mau1sgh/mentorgraphics/sourcery_codebench_lite_for_arm_eabi/bin/../lib/gcc/arm-none-eabi/4.8.1/../../../../arm-none-eabi/lib\libc.a(lib_a-fwalk.o)
                              c:/users/mau1sgh/mentorgraphics/sourcery_codebench_lite_for_arm_eabi/bin/../lib/gcc/arm-none-eabi/4.8.1/../../../../arm-none-eabi/lib\libc.a(lib_a-findfp.o) (_fwalk)
c:/users/mau1sgh/mentorgraphics/sourcery_codebench_lite_for_arm_eabi/bin/../lib/gcc/arm-none-eabi/4.8.1/../../../../arm-none-eabi/lib\libc.a(lib_a-impure.o)
                              c:/users/mau1sgh/mentorgraphics/sourcery_codebench_lite_for_arm_eabi/bin/../lib/gcc/arm-none-eabi/4.8.1/../../../../arm-none-eabi/lib\libc.a(lib_a-fflush.o) (_global_impure_ptr)
c:/users/mau1sgh/mentorgraphics/sourcery_codebench_lite_for_arm_eabi/bin/../lib/gcc/arm-none-eabi/4.8.1/../../../../arm-none-eabi/lib\libc.a(lib_a-locale.o)
                              c:/users/mau1sgh/mentorgraphics/sourcery_codebench_lite_for_arm_eabi/bin/../lib/gcc/arm-none-eabi/4.8.1/../../../../arm-none-eabi/lib\libc.a(lib_a-vfprintf.o) (_localeconv_r)
c:/users/mau1sgh/mentorgraphics/sourcery_codebench_lite_for_arm_eabi/bin/../lib/gcc/arm-none-eabi/4.8.1/../../../../arm-none-eabi/lib\libc.a(lib_a-makebuf.o)
                              c:/users/mau1sgh/mentorgraphics/sourcery_codebench_lite_for_arm_eabi/bin/../lib/gcc/arm-none-eabi/4.8.1/../../../../arm-none-eabi/lib\libc.a(lib_a-wsetup.o) (__smakebuf_r)
c:/users/mau1sgh/mentorgraphics/sourcery_codebench_lite_for_arm_eabi/bin/../lib/gcc/arm-none-eabi/4.8.1/../../../../arm-none-eabi/lib\libc.a(lib_a-mallocr.o)
[...]
Memory Configuration

Name             Origin             Length             Attributes
rom              0x00400000         0x00020000         xr
ram              0x20000000         0x00008000         xrw
*default*        0x00000000         0xffffffff

Linker script and memory map

LOAD c:/users/mau1sgh/mentorgraphics/sourcery_codebench_lite_for_arm_eabi/bin/../lib/gcc/arm-none-eabi/4.8.1/crti.o
LOAD c:/users/mau1sgh/mentorgraphics/sourcery_codebench_lite_for_arm_eabi/bin/../lib/gcc/arm-none-eabi/4.8.1/crtbegin.o
                0x00002000                __stack_size__ = DEFINED (__stack_size__)?__stack_size__:0x2000
                0x20007ffc                __ram_end__ = ((ORIGIN (ram) + 0x8000) - 0x4)

.text           0x00400000      0x160
                0x00400000                . = ALIGN (0x4)
                0x00400000                _sfixed = .
 *(.vectors .vectors.*)
 *(.text .text.* .gnu.linkonce.t.*)
 .text          0x00400000      0x128 c:/users/mau1sgh/mentorgraphics/sourcery_codebench_lite_for_arm_eabi/bin/../lib/gcc/arm-none-eabi/4.8.1/crtbegin.o
 *(.glue_7t)
 .glue_7t       0x00000000        0x0 linker stubs
 *(.glue_7)
 .glue_7        0x00000000        0x0 linker stubs
 *(.rodata .rodata* .gnu.linkonce.r.*)
 *(.ARM.extab* .gnu.linkonce.armextab.*)
                0x00400128                . = ALIGN (0x4)
 *(.init)
 .init          0x00400128        0xc c:/users/mau1sgh/mentorgraphics/sourcery_codebench_lite_for_arm_eabi/bin/../lib/gcc/arm-none-eabi/4.8.1/crti.o
                0x00400128                _init
 .init          0x00400134        0xc c:/users/mau1sgh/mentorgraphics/sourcery_codebench_lite_for_arm_eabi/bin/../lib/gcc/arm-none-eabi/4.8.1/crtn.o
                0x00400140                . = ALIGN (0x4)
                0x00400140                __preinit_array_start = .
 *(.preinit_array)
                0x00400140                __preinit_array_end = .
                0x00400140                . = ALIGN (0x4)
                0x00400140                __init_array_start = .
 *(SORT(.init_array.*))
 *(.init_array)
 .init_array    0x00400140        0x4 c:/users/mau1sgh/mentorgraphics/sourcery_codebench_lite_for_arm_eabi/bin/../lib/gcc/arm-none-eabi/4.8.1/crtbegin.o
                0x00400144                __init_array_end = .
                0x00400144                . = ALIGN (0x4)
 *crtbegin.o(.ctors)
 *(EXCLUDE_FILE(*crtend.o) .ctors)
 *(SORT(.ctors.*))
 *crtend.o(.ctors)
                0x00400144                . = ALIGN (0x4)
 *(.fini)
 .fini          0x00400144        0xc c:/users/mau1sgh/mentorgraphics/sourcery_codebench_lite_for_arm_eabi/bin/../lib/gcc/arm-none-eabi/4.8.1/crti.o
                0x00400144                _fini
 .fini          0x00400150        0xc c:/users/mau1sgh/mentorgraphics/sourcery_codebench_lite_for_arm_eabi/bin/../lib/gcc/arm-none-eabi/4.8.1/crtn.o
                0x0040015c                . = ALIGN (0x4)
                0x0040015c                __fini_array_start = .
 *(.fini_array)
 .fini_array    0x0040015c        0x4 c:/users/mau1sgh/mentorgraphics/sourcery_codebench_lite_for_arm_eabi/bin/../lib/gcc/arm-none-eabi/4.8.1/crtbegin.o
 *(SORT(.fini_array.*))
                0x00400160                __fini_array_end = .
 *crtbegin.o(.dtors)
 *(EXCLUDE_FILE(*crtend.o) .dtors)
 *(SORT(.dtors.*))
 *crtend.o(.dtors)
                0x00400160                . = ALIGN (0x4)
                0x00400160                _efixed = .
                0x00400160                PROVIDE (__exidx_start, .)

.vfp11_veneer   0x00400160        0x0
 .vfp11_veneer  0x00000000        0x0 linker stubs

.v4_bx          0x00400160        0x0
 .v4_bx         0x00000000        0x0 linker stubs

.iplt           0x00400160        0x0
 .iplt          0x00000000        0x0 c:/users/mau1sgh/mentorgraphics/sourcery_codebench_lite_for_arm_eabi/bin/../lib/gcc/arm-none-eabi/4.8.1/crtbegin.o

.eh_frame       0x00400160        0x0
 .eh_frame      0x00400160        0x0 c:/users/mau1sgh/mentorgraphics/sourcery_codebench_lite_for_arm_eabi/bin/../lib/gcc/arm-none-eabi/4.8.1/crtbegin.o

.rel.dyn        0x00400160        0x0
 .rel.iplt      0x00000000        0x0 c:/users/mau1sgh/mentorgraphics/sourcery_codebench_lite_for_arm_eabi/bin/../lib/gcc/arm-none-eabi/4.8.1/crtbegin.o

.jcr            0x00400160        0x0
 .jcr           0x00400160        0x0 c:/users/mau1sgh/mentorgraphics/sourcery_codebench_lite_for_arm_eabi/bin/../lib/gcc/arm-none-eabi/4.8.1/crtbegin.o

.tm_clone_table
                0x00400160        0x0
 .tm_clone_table
                0x00400160        0x0 c:/users/mau1sgh/mentorgraphics/sourcery_codebench_lite_for_arm_eabi/bin/../lib/gcc/arm-none-eabi/4.8.1/crtbegin.o
 .tm_clone_table
                0x00400160        0x0 c:/users/mau1sgh/mentorgraphics/sourcery_codebench_lite_for_arm_eabi/bin/../lib/gcc/arm-none-eabi/4.8.1/crtend.o

.igot.plt       0x00400160        0x0
 .igot.plt      0x00000000        0x0 c:/users/mau1sgh/mentorgraphics/sourcery_codebench_lite_for_arm_eabi/bin/../lib/gcc/arm-none-eabi/4.8.1/crtbegin.o

.ARM.exidx
 *(.ARM.exidx* .gnu.linkonce.armexidx.*)
                0x00400160                PROVIDE (__exidx_end, .)
                0x00400160                . = ALIGN (0x4)
                0x00400160                _etext = .

.relocate       0x20000000        0x0 load address 0x00400160
                0x20000000                . = ALIGN (0x4)
                0x20000000                _srelocate = .
 *(.ramfunc .ramfunc.*)
 *(.data .data.*)
                0x20000000                . = ALIGN (0x4)
                0x20000000                _erelocate = .

.bss            0x20000000       0x1c
                0x20000000                . = ALIGN (0x4)
                0x20000000                _sbss = .
                0x20000000                _szero = .
 *(.bss .bss.*)
 .bss           0x20000000       0x1c c:/users/mau1sgh/mentorgraphics/sourcery_codebench_lite_for_arm_eabi/bin/../lib/gcc/arm-none-eabi/4.8.1/crtbegin.o
 *(COMMON)
                0x2000001c                . = ALIGN (0x4)
                0x2000001c                _ebss = .
                0x2000001c                _ezero = .

.stack          0x2000001c     0x2004
                0x20000020                . = ALIGN (0x8)
 *fill*         0x2000001c        0x4 
                0x20000020                _sstack = .
                0x20002020                . = (. + __stack_size__)
 *fill*         0x20000020     0x2000 
                0x20002020                . = ALIGN (0x8)
                0x20002020                _estack = .
                0x20002020                . = ALIGN (0x4)
                0x20002020                _end = .
LOAD ./out/main.o
LOAD c:/users/mau1sgh/mentorgraphics/sourcery_codebench_lite_for_arm_eabi/bin/../lib/gcc/arm-none-eabi/4.8.1/../../../../arm-none-eabi/lib\libstdc++.a
LOAD c:/users/mau1sgh/mentorgraphics/sourcery_codebench_lite_for_arm_eabi/bin/../lib/gcc/arm-none-eabi/4.8.1/../../../../arm-none-eabi/lib\libm.a
START GROUP
LOAD c:/users/mau1sgh/mentorgraphics/sourcery_codebench_lite_for_arm_eabi/bin/../lib/gcc/arm-none-eabi/4.8.1\libgcc.a
LOAD c:/users/mau1sgh/mentorgraphics/sourcery_codebench_lite_for_arm_eabi/bin/../lib/gcc/arm-none-eabi/4.8.1/../../../../arm-none-eabi/lib\libc.a
END GROUP
LOAD c:/users/mau1sgh/mentorgraphics/sourcery_codebench_lite_for_arm_eabi/bin/../lib/gcc/arm-none-eabi/4.8.1/crtend.o
LOAD c:/users/mau1sgh/mentorgraphics/sourcery_codebench_lite_for_arm_eabi/bin/../lib/gcc/arm-none-eabi/4.8.1/crtn.o
OUTPUT(out/x-os.elf elf32-littlearm)

.ARM.attributes
                0x00000000       0x31
 .ARM.attributes
                0x00000000       0x16 c:/users/mau1sgh/mentorgraphics/sourcery_codebench_lite_for_arm_eabi/bin/../lib/gcc/arm-none-eabi/4.8.1/crti.o
 .ARM.attributes
                0x00000016       0x30 c:/users/mau1sgh/mentorgraphics/sourcery_codebench_lite_for_arm_eabi/bin/../lib/gcc/arm-none-eabi/4.8.1/crtbegin.o
 .ARM.attributes
                0x00000046       0x30 c:/users/mau1sgh/mentorgraphics/sourcery_codebench_lite_for_arm_eabi/bin/../lib/gcc/arm-none-eabi/4.8.1/crtend.o
 .ARM.attributes
                0x00000076       0x18 c:/users/mau1sgh/mentorgraphics/sourcery_codebench_lite_for_arm_eabi/bin/../lib/gcc/arm-none-eabi/4.8.1/crtn.o

Cross Reference Table

Symbol                                            File
PIO_Configure                                     ./out/main.o
SystemInit                                        ./out/main.o
TWID_Initialize                                   ./out/main.o
_Balloc                                           c:/users/mau1sgh/mentorgraphics/sourcery_codebench_lite_for_arm_eabi/bin/../lib/gcc/arm-none-eabi/4.8.1/../../../../arm-none-eabi/lib\libc.a(lib_a-mprec.o)
                                                  c:/users/mau1sgh/mentorgraphics/sourcery_codebench_lite_for_arm_eabi/bin/../lib/gcc/arm-none-eabi/4.8.1/../../../../arm-none-eabi/lib\libc.a(lib_a-dtoa.o)
_Bfree                                            c:/users/mau1sgh/mentorgraphics/sourcery_codebench_lite_for_arm_eabi/bin/../lib/gcc/arm-none-eabi/4.8.1/../../../../arm-none-eabi/lib\libc.a(lib_a-mprec.o)
                                                  c:/users/mau1sgh/mentorgraphics/sourcery_codebench_lite_for_arm_eabi/bin/../lib/gcc/arm-none-eabi/4.8.1/../../../../arm-none-eabi/lib\libc.a(lib_a-dtoa.o)
_ITM_deregisterTMCloneTable                       c:/users/mau1sgh/mentorgraphics/sourcery_codebench_lite_for_arm_eabi/bin/../lib/gcc/arm-none-eabi/4.8.1/crtbegin.o
_ITM_registerTMCloneTable                         c:/users/mau1sgh/mentorgraphics/sourcery_codebench_lite_for_arm_eabi/bin/../lib/gcc/arm-none-eabi/4.8.1/crtbegin.o
_Jv_RegisterClasses                               c:/users/mau1sgh/mentorgraphics/sourcery_codebench_lite_for_arm_eabi/bin/../lib/gcc/arm-none-eabi/4.8.1/crtbegin.o
_PathLocale                                       c:/users/mau1sgh/mentorgraphics/sourcery_codebench_lite_for_arm_eabi/bin/../lib/gcc/arm-none-eabi/4.8.1/../../../../arm-none-eabi/lib\libc.a(lib_a-locale.o)
__TMC_END__                                       c:/users/mau1sgh/mentorgraphics/sourcery_codebench_lite_for_arm_eabi/bin/../lib/gcc/arm-none-eabi/4.8.1/crtend.o
                                                  c:/users/mau1sgh/mentorgraphics/sourcery_codebench_lite_for_arm_eabi/bin/../lib/gcc/arm-none-eabi/4.8.1/crtbegin.o
__adddf3                                          c:/users/mau1sgh/mentorgraphics/sourcery_codebench_lite_for_arm_eabi/bin/../lib/gcc/arm-none-eabi/4.8.1\libgcc.a(_arm_addsubdf3.o)
__aeabi_cdcmpeq                                   c:/users/mau1sgh/mentorgraphics/sourcery_codebench_lite_for_arm_eabi/bin/../lib/gcc/arm-none-eabi/4.8.1\libgcc.a(_arm_cmpdf2.o)
__aeabi_cdcmple                                   c:/users/mau1sgh/mentorgraphics/sourcery_codebench_lite_for_arm_eabi/bin/../lib/gcc/arm-none-eabi/4.8.1\libgcc.a(_arm_cmpdf2.o)
__aeabi_cdrcmple                                  c:/users/mau1sgh/mentorgraphics/sourcery_codebench_lite_for_arm_eabi/bin/../lib/gcc/arm-none-eabi/4.8.1\libgcc.a(_arm_cmpdf2.o)
__aeabi_d2iz                                      c:/users/mau1sgh/mentorgraphics/sourcery_codebench_lite_for_arm_eabi/bin/../lib/gcc/arm-none-eabi/4.8.1\libgcc.a(_arm_fixdfsi.o)
                                                  c:/users/mau1sgh/mentorgraphics/sourcery_codebench_lite_for_arm_eabi/bin/../lib/gcc/arm-none-eabi/4.8.1/../../../../arm-none-eabi/lib\libc.a(lib_a-dtoa.o)
__aeabi_dadd                                      c:/users/mau1sgh/mentorgraphics/sourcery_codebench_lite_for_arm_eabi/bin/../lib/gcc/arm-none-eabi/4.8.1\libgcc.a(_arm_addsubdf3.o)
                                                  c:/users/mau1sgh/mentorgraphics/sourcery_codebench_lite_for_arm_eabi/bin/../lib/gcc/arm-none-eabi/4.8.1/../../../../arm-none-eabi/lib\libc.a(lib_a-dtoa.o)
__aeabi_dcmpeq                                    c:/users/mau1sgh/mentorgraphics/sourcery_codebench_lite_for_arm_eabi/bin/../lib/gcc/arm-none-eabi/4.8.1\libgcc.a(_arm_cmpdf2.o)
                                                  c:/users/mau1sgh/mentorgraphics/sourcery_codebench_lite_for_arm_eabi/bin/../lib/gcc/arm-none-eabi/4.8.1/../../../../arm-none-eabi/lib\libc.a(lib_a-dtoa.o)
                                                  c:/users/mau1sgh/mentorgraphics/sourcery_codebench_lite_for_arm_eabi/bin/../lib/gcc/arm-none-eabi/4.8.1/../../../../arm-none-eabi/lib\libc.a(lib_a-vfprintf.o)
__aeabi_dcmpge                                    c:/users/mau1sgh/mentorgraphics/sourcery_codebench_lite_for_arm_eabi/bin/../lib/gcc/arm-none-eabi/4.8.1\libgcc.a(_arm_cmpdf2.o)
                                                  c:/users/mau1sgh/mentorgraphics/sourcery_codebench_lite_for_arm_eabi/bin/../lib/gcc/arm-none-eabi/4.8.1/../../../../arm-none-eabi/lib\libc.a(lib_a-dtoa.o)
__aeabi_dcmpgt                                    c:/users/mau1sgh/mentorgraphics/sourcery_codebench_lite_for_arm_eabi/bin/../lib/gcc/arm-none-eabi/4.8.1\libgcc.a(_arm_cmpdf2.o)
                                                  c:/users/mau1sgh/mentorgraphics/sourcery_codebench_lite_for_arm_eabi/bin/../lib/gcc/arm-none-eabi/4.8.1/../../../../arm-none-eabi/lib\libc.a(lib_a-dtoa.o)
__aeabi_dcmple                                    c:/users/mau1sgh/mentorgraphics/sourcery_codebench_lite_for_arm_eabi/bin/../lib/gcc/arm-none-eabi/4.8.1\libgcc.a(_arm_cmpdf2.o)
__aeabi_dcmplt                                    c:/users/mau1sgh/mentorgraphics/sourcery_codebench_lite_for_arm_eabi/bin/../lib/gcc/arm-none-eabi/4.8.1\libgcc.a(_arm_cmpdf2.o)
                                                  c:/users/mau1sgh/mentorgraphics/sourcery_codebench_lite_for_arm_eabi/bin/../lib/gcc/arm-none-eabi/4.8.1/../../../../arm-none-eabi/lib\libc.a(lib_a-dtoa.o)
                                                  c:/users/mau1sgh/mentorgraphics/sourcery_codebench_lite_for_arm_eabi/bin/../lib/gcc/arm-none-eabi/4.8.1/../../../../arm-none-eabi/lib\libc.a(lib_a-vfprintf.o)
__aeabi_ddiv                                      c:/users/mau1sgh/mentorgraphics/sourcery_codebench_lite_for_arm_eabi/bin/../lib/gcc/arm-none-eabi/4.8.1\libgcc.a(_arm_muldivdf3.o)
                                                  c:/users/mau1sgh/mentorgraphics/sourcery_codebench_lite_for_arm_eabi/bin/../lib/gcc/arm-none-eabi/4.8.1/../../../../arm-none-eabi/lib\libc.a(lib_a-mprec.o)
                                                  c:/users/mau1sgh/mentorgraphics/sourcery_codebench_lite_for_arm_eabi/bin/../lib/gcc/arm-none-eabi/4.8.1/../../../../arm-none-eabi/lib\libc.a(lib_a-dtoa.o)
__aeabi_dmul                                      c:/users/mau1sgh/mentorgraphics/sourcery_codebench_lite_for_arm_eabi/bin/../lib/gcc/arm-none-eabi/4.8.1\libgcc.a(_arm_muldivdf3.o)
                                                  c:/users/mau1sgh/mentorgraphics/sourcery_codebench_lite_for_arm_eabi/bin/../lib/gcc/arm-none-eabi/4.8.1/../../../../arm-none-eabi/lib\libc.a(lib_a-mprec.o)
                                                  c:/users/mau1sgh/mentorgraphics/sourcery_codebench_lite_for_arm_eabi/bin/../lib/gcc/arm-none-eabi/4.8.1/../../../../arm-none-eabi/lib\libc.a(lib_a-dtoa.o)
__aeabi_drsub                                     c:/users/mau1sgh/mentorgraphics/sourcery_codebench_lite_for_arm_eabi/bin/../lib/gcc/arm-none-eabi/4.8.1\libgcc.a(_arm_addsubdf3.o)
__aeabi_dsub                                      c:/users/mau1sgh/mentorgraphics/sourcery_codebench_lite_for_arm_eabi/bin/../lib/gcc/arm-none-eabi/4.8.1\libgcc.a(_arm_addsubdf3.o)
                                                  c:/users/mau1sgh/mentorgraphics/sourcery_codebench_lite_for_arm_eabi/bin/../lib/gcc/arm-none-eabi/4.8.1/../../../../arm-none-eabi/lib\libc.a(lib_a-dtoa.o)
__aeabi_f2d                                       c:/users/mau1sgh/mentorgraphics/sourcery_codebench_lite_for_arm_eabi/bin/../lib/gcc/arm-none-eabi/4.8.1\libgcc.a(_arm_addsubdf3.o)
__aeabi_i2d                                       c:/users/mau1sgh/mentorgraphics/sourcery_codebench_lite_for_arm_eabi/bin/../lib/gcc/arm-none-eabi/4.8.1\libgcc.a(_arm_addsubdf3.o)
                                                  c:/users/mau1sgh/mentorgraphics/sourcery_codebench_lite_for_arm_eabi/bin/../lib/gcc/arm-none-eabi/4.8.1/../../../../arm-none-eabi/lib\libc.a(lib_a-dtoa.o)
__aeabi_idiv0                                     c:/users/mau1sgh/mentorgraphics/sourcery_codebench_lite_for_arm_eabi/bin/../lib/gcc/arm-none-eabi/4.8.1\libgcc.a(_dvmd_tls.o)
                                                  c:/users/mau1sgh/mentorgraphics/sourcery_codebench_lite_for_arm_eabi/bin/../lib/gcc/arm-none-eabi/4.8.1\libgcc.a(_udivsi3.o)
__aeabi_l2d                                       c:/users/mau1sgh/mentorgraphics/sourcery_codebench_lite_for_arm_eabi/bin/../lib/gcc/arm-none-eabi/4.8.1\libgcc.a(_arm_addsubdf3.o)
__aeabi_ldiv0                                     c:/users/mau1sgh/mentorgraphics/sourcery_codebench_lite_for_arm_eabi/bin/../lib/gcc/arm-none-eabi/4.8.1\libgcc.a(_dvmd_tls.o)
                                                  c:/users/mau1sgh/mentorgraphics/sourcery_codebench_lite_for_arm_eabi/bin/../lib/gcc/arm-none-eabi/4.8.1\libgcc.a(_aeabi_uldivmod.o)
__aeabi_ui2d                                      c:/users/mau1sgh/mentorgraphics/sourcery_codebench_lite_for_arm_eabi/bin/../lib/gcc/arm-none-eabi/4.8.1\libgcc.a(_arm_addsubdf3.o)
                                                  c:/users/mau1sgh/mentorgraphics/sourcery_codebench_lite_for_arm_eabi/bin/../lib/gcc/arm-none-eabi/4.8.1/../../../../arm-none-eabi/lib\libc.a(lib_a-dtoa.o)
__aeabi_uidiv                                     c:/users/mau1sgh/mentorgraphics/sourcery_codebench_lite_for_arm_eabi/bin/../lib/gcc/arm-none-eabi/4.8.1\libgcc.a(_udivsi3.o)
                                                  c:/users/mau1sgh/mentorgraphics/sourcery_codebench_lite_for_arm_eabi/bin/../lib/gcc/arm-none-eabi/4.8.1\libgcc.a(_udivdi3.o)
                                                  c:/users/mau1sgh/mentorgraphics/sourcery_codebench_lite_for_arm_eabi/bin/../lib/gcc/arm-none-eabi/4.8.1\libgcc.a(_divdi3.o)
                                                  c:/users/mau1sgh/mentorgraphics/sourcery_codebench_lite_for_arm_eabi/bin/../lib/gcc/arm-none-eabi/4.8.1/../../../../arm-none-eabi/lib\libc.a(lib_a-dtoa.o)
__aeabi_uidivmod                                  c:/users/mau1sgh/mentorgraphics/sourcery_codebench_lite_for_arm_eabi/bin/../lib/gcc/arm-none-eabi/4.8.1\libgcc.a(_udivsi3.o)
                                                  c:/users/mau1sgh/mentorgraphics/sourcery_codebench_lite_for_arm_eabi/bin/../lib/gcc/arm-none-eabi/4.8.1\libgcc.a(_udivdi3.o)
                                                  c:/users/mau1sgh/mentorgraphics/sourcery_codebench_lite_for_arm_eabi/bin/../lib/gcc/arm-none-eabi/4.8.1\libgcc.a(_divdi3.o)
__aeabi_ul2d                                      c:/users/mau1sgh/mentorgraphics/sourcery_codebench_lite_for_arm_eabi/bin/../lib/gcc/arm-none-eabi/4.8.1\libgcc.a(_arm_addsubdf3.o)
__aeabi_uldivmod                                  c:/users/mau1sgh/mentorgraphics/sourcery_codebench_lite_for_arm_eabi/bin/../lib/gcc/arm-none-eabi/4.8.1\libgcc.a(_aeabi_uldivmod.o)
                                                  c:/users/mau1sgh/mentorgraphics/sourcery_codebench_lite_for_arm_eabi/bin/../lib/gcc/arm-none-eabi/4.8.1/../../../../arm-none-eabi/lib\libc.a(lib_a-vfiprintf.o)
                                                  c:/users/mau1sgh/mentorgraphics/sourcery_codebench_lite_for_arm_eabi/bin/../lib/gcc/arm-none-eabi/4.8.1/../../../../arm-none-eabi/lib\libc.a(lib_a-vfprintf.o)
__any_on                                          c:/users/mau1sgh/mentorgraphics/sourcery_codebench_lite_for_arm_eabi/bin/../lib/gcc/arm-none-eabi/4.8.1/../../../../arm-none-eabi/lib\libc.a(lib_a-mprec.o)
__ascii_wctomb                                    c:/users/mau1sgh/mentorgraphics/sourcery_codebench_lite_for_arm_eabi/bin/../lib/gcc/arm-none-eabi/4.8.1/../../../../arm-none-eabi/lib\libc.a(lib_a-wctomb_r.o)
__b2d                                             c:/users/mau1sgh/mentorgraphics/sourcery_codebench_lite_for_arm_eabi/bin/../lib/gcc/arm-none-eabi/4.8.1/../../../../arm-none-eabi/lib\libc.a(lib_a-mprec.o)
__clzsi2                                          c:/users/mau1sgh/mentorgraphics/sourcery_codebench_lite_for_arm_eabi/bin/../lib/gcc/arm-none-eabi/4.8.1\libgcc.a(_clzsi2.o)
                                                  c:/users/mau1sgh/mentorgraphics/sourcery_codebench_lite_for_arm_eabi/bin/../lib/gcc/arm-none-eabi/4.8.1\libgcc.a(_udivdi3.o)
                                                  c:/users/mau1sgh/mentorgraphics/sourcery_codebench_lite_for_arm_eabi/bin/../lib/gcc/arm-none-eabi/4.8.1\libgcc.a(_divdi3.o)
__cmpdf2                                          c:/users/mau1sgh/mentorgraphics/sourcery_codebench_lite_for_arm_eabi/bin/../lib/gcc/arm-none-eabi/4.8.1\libgcc.a(_arm_cmpdf2.o)
__copybits                                        c:/users/mau1sgh/mentorgraphics/sourcery_codebench_lite_for_arm_eabi/bin/../lib/gcc/arm-none-eabi/4.8.1/../../../../arm-none-eabi/lib\libc.a(lib_a-mprec.o)
__d2b                                             c:/users/mau1sgh/mentorgraphics/sourcery_codebench_lite_for_arm_eabi/bin/../lib/gcc/arm-none-eabi/4.8.1/../../../../arm-none-eabi/lib\libc.a(lib_a-mprec.o)
                                                  c:/users/mau1sgh/mentorgraphics/sourcery_codebench_lite_for_arm_eabi/bin/../lib/gcc/arm-none-eabi/4.8.1/../../../../arm-none-eabi/lib\libc.a(lib_a-dtoa.o)
__deregister_frame_info                           c:/users/mau1sgh/mentorgraphics/sourcery_codebench_lite_for_arm_eabi/bin/../lib/gcc/arm-none-eabi/4.8.1/crtbegin.o
__divdf3                                          c:/users/mau1sgh/mentorgraphics/sourcery_codebench_lite_for_arm_eabi/bin/../lib/gcc/arm-none-eabi/4.8.1\libgcc.a(_arm_muldivdf3.o)
__divdi3                                          c:/users/mau1sgh/mentorgraphics/sourcery_codebench_lite_for_arm_eabi/bin/../lib/gcc/arm-none-eabi/4.8.1\libgcc.a(_divdi3.o)
                                                  c:/users/mau1sgh/mentorgraphics/sourcery_codebench_lite_for_arm_eabi/bin/../lib/gcc/arm-none-eabi/4.8.1\libgcc.a(bpabi.o)
__dso_handle                                      c:/users/mau1sgh/mentorgraphics/sourcery_codebench_lite_for_arm_eabi/bin/../lib/gcc/arm-none-eabi/4.8.1/crtbegin.o
__eqdf2                                           c:/users/mau1sgh/mentorgraphics/sourcery_codebench_lite_for_arm_eabi/bin/../lib/gcc/arm-none-eabi/4.8.1\libgcc.a(_arm_cmpdf2.o)
__extendsfdf2                                     c:/users/mau1sgh/mentorgraphics/sourcery_codebench_lite_for_arm_eabi/bin/../lib/gcc/arm-none-eabi/4.8.1\libgcc.a(_arm_addsubdf3.o)
__fixdfsi                                         c:/users/mau1sgh/mentorgraphics/sourcery_codebench_lite_for_arm_eabi/bin/../lib/gcc/arm-none-eabi/4.8.1\libgcc.a(_arm_fixdfsi.o)
__floatdidf                                       c:/users/mau1sgh/mentorgraphics/sourcery_codebench_lite_for_arm_eabi/bin/../lib/gcc/arm-none-eabi/4.8.1\libgcc.a(_arm_addsubdf3.o)
__floatsidf                                       c:/users/mau1sgh/mentorgraphics/sourcery_codebench_lite_for_arm_eabi/bin/../lib/gcc/arm-none-eabi/4.8.1\libgcc.a(_arm_addsubdf3.o)
__floatundidf                                     c:/users/mau1sgh/mentorgraphics/sourcery_codebench_lite_for_arm_eabi/bin/../lib/gcc/arm-none-eabi/4.8.1\libgcc.a(_arm_addsubdf3.o)
__floatunsidf                                     c:/users/mau1sgh/mentorgraphics/sourcery_codebench_lite_for_arm_eabi/bin/../lib/gcc/arm-none-eabi/4.8.1\libgcc.a(_arm_addsubdf3.o)
__fp_lock_all                                     c:/users/mau1sgh/mentorgraphics/sourcery_codebench_lite_for_arm_eabi/bin/../lib/gcc/arm-none-eabi/4.8.1/../../../../arm-none-eabi/lib\libc.a(lib_a-findfp.o)
__fp_unlock_all                                   c:/users/mau1sgh/mentorgraphics/sourcery_codebench_lite_for_arm_eabi/bin/../lib/gcc/arm-none-eabi/4.8.1/../../../../arm-none-eabi/lib\libc.a(lib_a-findfp.o)
__fpclassifyd                                     c:/users/mau1sgh/mentorgraphics/sourcery_codebench_lite_for_arm_eabi/bin/../lib/gcc/arm-none-eabi/4.8.1/../../../../arm-none-eabi/lib\libc.a(lib_a-s_fpclassify.o)
                                                  c:/users/mau1sgh/mentorgraphics/sourcery_codebench_lite_for_arm_eabi/bin/../lib/gcc/arm-none-eabi/4.8.1/../../../../arm-none-eabi/lib\libc.a(lib_a-vfprintf.o)
__gedf2                                           c:/users/mau1sgh/mentorgraphics/sourcery_codebench_lite_for_arm_eabi/bin/../lib/gcc/arm-none-eabi/4.8.1\libgcc.a(_arm_cmpdf2.o)
__gnu_ldivmod_helper                              c:/users/mau1sgh/mentorgraphics/sourcery_codebench_lite_for_arm_eabi/bin/../lib/gcc/arm-none-eabi/4.8.1\libgcc.a(bpabi.o)
__gnu_uldivmod_helper                             c:/users/mau1sgh/mentorgraphics/sourcery_codebench_lite_for_arm_eabi/bin/../lib/gcc/arm-none-eabi/4.8.1\libgcc.a(bpabi.o)
                                                  c:/users/mau1sgh/mentorgraphics/sourcery_codebench_lite_for_arm_eabi/bin/../lib/gcc/arm-none-eabi/4.8.1\libgcc.a(_aeabi_uldivmod.o)
__gtdf2                                           c:/users/mau1sgh/mentorgraphics/sourcery_codebench_lite_for_arm_eabi/bin/../lib/gcc/arm-none-eabi/4.8.1\libgcc.a(_arm_cmpdf2.o)
__hi0bits                                         c:/users/mau1sgh/mentorgraphics/sourcery_codebench_lite_for_arm_eabi/bin/../lib/gcc/arm-none-eabi/4.8.1/../../../../arm-none-eabi/lib\libc.a(lib_a-mprec.o)
                                                  c:/users/mau1sgh/mentorgraphics/sourcery_codebench_lite_for_arm_eabi/bin/../lib/gcc/arm-none-eabi/4.8.1/../../../../arm-none-eabi/lib\libc.a(lib_a-dtoa.o)
__i2b                                             c:/users/mau1sgh/mentorgraphics/sourcery_codebench_lite_for_arm_eabi/bin/../lib/gcc/arm-none-eabi/4.8.1/../../../../arm-none-eabi/lib\libc.a(lib_a-mprec.o)
                                                  c:/users/mau1sgh/mentorgraphics/sourcery_codebench_lite_for_arm_eabi/bin/../lib/gcc/arm-none-eabi/4.8.1/../../../../arm-none-eabi/lib\libc.a(lib_a-dtoa.o)
__ledf2                                           c:/users/mau1sgh/mentorgraphics/sourcery_codebench_lite_for_arm_eabi/bin/../lib/gcc/arm-none-eabi/4.8.1\libgcc.a(_arm_cmpdf2.o)
__lo0bits                                         c:/users/mau1sgh/mentorgraphics/sourcery_codebench_lite_for_arm_eabi/bin/../lib/gcc/arm-none-eabi/4.8.1/../../../../arm-none-eabi/lib\libc.a(lib_a-mprec.o)
__locale_charset                                  c:/users/mau1sgh/mentorgraphics/sourcery_codebench_lite_for_arm_eabi/bin/../lib/gcc/arm-none-eabi/4.8.1/../../../../arm-none-eabi/lib\libc.a(lib_a-locale.o)
                                                  c:/users/mau1sgh/mentorgraphics/sourcery_codebench_lite_for_arm_eabi/bin/../lib/gcc/arm-none-eabi/4.8.1/../../../../arm-none-eabi/lib\libc.a(lib_a-wctomb_r.o)
                                                  c:/users/mau1sgh/mentorgraphics/sourcery_codebench_lite_for_arm_eabi/bin/../lib/gcc/arm-none-eabi/4.8.1/../../../../arm-none-eabi/lib\libc.a(lib_a-wcrtomb.o)
__locale_cjk_lang                                 c:/users/mau1sgh/mentorgraphics/sourcery_codebench_lite_for_arm_eabi/bin/../lib/gcc/arm-none-eabi/4.8.1/../../../../arm-none-eabi/lib\libc.a(lib_a-locale.o)
__locale_mb_cur_max                               c:/users/mau1sgh/mentorgraphics/sourcery_codebench_lite_for_arm_eabi/bin/../lib/gcc/arm-none-eabi/4.8.1/../../../../arm-none-eabi/lib\libc.a(lib_a-locale.o)
                                                  c:/users/mau1sgh/mentorgraphics/sourcery_codebench_lite_for_arm_eabi/bin/../lib/gcc/arm-none-eabi/4.8.1/../../../../arm-none-eabi/lib\libc.a(lib_a-fputwc.o)
__locale_msgcharset                               c:/users/mau1sgh/mentorgraphics/sourcery_codebench_lite_for_arm_eabi/bin/../lib/gcc/arm-none-eabi/4.8.1/../../../../arm-none-eabi/lib\libc.a(lib_a-locale.o)
__lshift                                          c:/users/mau1sgh/mentorgraphics/sourcery_codebench_lite_for_arm_eabi/bin/../lib/gcc/arm-none-eabi/4.8.1/../../../../arm-none-eabi/lib\libc.a(lib_a-mprec.o)
                                                  c:/users/mau1sgh/mentorgraphics/sourcery_codebench_lite_for_arm_eabi/bin/../lib/gcc/arm-none-eabi/4.8.1/../../../../arm-none-eabi/lib\libc.a(lib_a-dtoa.o)
__ltdf2                                           c:/users/mau1sgh/mentorgraphics/sourcery_codebench_lite_for_arm_eabi/bin/../lib/gcc/arm-none-eabi/4.8.1\libgcc.a(_arm_cmpdf2.o)
__malloc_av_                                      c:/users/mau1sgh/mentorgraphics/sourcery_codebench_lite_for_arm_eabi/bin/../lib/gcc/arm-none-eabi/4.8.1/../../../../arm-none-eabi/lib\libc.a(lib_a-mallocr.o)
                                                  c:/users/mau1sgh/mentorgraphics/sourcery_codebench_lite_for_arm_eabi/bin/../lib/gcc/arm-none-eabi/4.8.1/../../../../arm-none-eabi/lib\libc.a(lib_a-reallocr.o)
                                                  c:/users/mau1sgh/mentorgraphics/sourcery_codebench_lite_for_arm_eabi/bin/../lib/gcc/arm-none-eabi/4.8.1/../../../../arm-none-eabi/lib\libc.a(lib_a-freer.o)
__malloc_current_mallinfo                         c:/users/mau1sgh/mentorgraphics/sourcery_codebench_lite_for_arm_eabi/bin/../lib/gcc/arm-none-eabi/4.8.1/../../../../arm-none-eabi/lib\libc.a(lib_a-mallocr.o)
                                                  c:/users/mau1sgh/mentorgraphics/sourcery_codebench_lite_for_arm_eabi/bin/../lib/gcc/arm-none-eabi/4.8.1/../../../../arm-none-eabi/lib\libc.a(lib_a-freer.o)
__malloc_lock                                     c:/users/mau1sgh/mentorgraphics/sourcery_codebench_lite_for_arm_eabi/bin/../lib/gcc/arm-none-eabi/4.8.1/../../../../arm-none-eabi/lib\libc.a(lib_a-mlock.o)
                                                  c:/users/mau1sgh/mentorgraphics/sourcery_codebench_lite_for_arm_eabi/bin/../lib/gcc/arm-none-eabi/4.8.1/../../../../arm-none-eabi/lib\libc.a(lib_a-reallocr.o)
                                                  c:/users/mau1sgh/mentorgraphics/sourcery_codebench_lite_for_arm_eabi/bin/../lib/gcc/arm-none-eabi/4.8.1/../../../../arm-none-eabi/lib\libc.a(lib_a-mallocr.o)
                                                  c:/users/mau1sgh/mentorgraphics/sourcery_codebench_lite_for_arm_eabi/bin/../lib/gcc/arm-none-eabi/4.8.1/../../../../arm-none-eabi/lib\libc.a(lib_a-freer.o)
__malloc_max_sbrked_mem                           c:/users/mau1sgh/mentorgraphics/sourcery_codebench_lite_for_arm_eabi/bin/../lib/gcc/arm-none-eabi/4.8.1/../../../../arm-none-eabi/lib\libc.a(lib_a-mallocr.o)
__malloc_max_total_mem                            c:/users/mau1sgh/mentorgraphics/sourcery_codebench_lite_for_arm_eabi/bin/../lib/gcc/arm-none-eabi/4.8.1/../../../../arm-none-eabi/lib\libc.a(lib_a-mallocr.o)
__malloc_sbrk_base                                c:/users/mau1sgh/mentorgraphics/sourcery_codebench_lite_for_arm_eabi/bin/../lib/gcc/arm-none-eabi/4.8.1/../../../../arm-none-eabi/lib\libc.a(lib_a-mallocr.o)
                                                  c:/users/mau1sgh/mentorgraphics/sourcery_codebench_lite_for_arm_eabi/bin/../lib/gcc/arm-none-eabi/4.8.1/../../../../arm-none-eabi/lib\libc.a(lib_a-freer.o)
__malloc_top_pad                                  c:/users/mau1sgh/mentorgraphics/sourcery_codebench_lite_for_arm_eabi/bin/../lib/gcc/arm-none-eabi/4.8.1/../../../../arm-none-eabi/lib\libc.a(lib_a-mallocr.o)
                                                  c:/users/mau1sgh/mentorgraphics/sourcery_codebench_lite_for_arm_eabi/bin/../lib/gcc/arm-none-eabi/4.8.1/../../../../arm-none-eabi/lib\libc.a(lib_a-freer.o)
__malloc_trim_threshold                           c:/users/mau1sgh/mentorgraphics/sourcery_codebench_lite_for_arm_eabi/bin/../lib/gcc/arm-none-eabi/4.8.1/../../../../arm-none-eabi/lib\libc.a(lib_a-mallocr.o)
                                                  c:/users/mau1sgh/mentorgraphics/sourcery_codebench_lite_for_arm_eabi/bin/../lib/gcc/arm-none-eabi/4.8.1/../../../../arm-none-eabi/lib\libc.a(lib_a-freer.o)
__malloc_unlock                                   c:/users/mau1sgh/mentorgraphics/sourcery_codebench_lite_for_arm_eabi/bin/../lib/gcc/arm-none-eabi/4.8.1/../../../../arm-none-eabi/lib\libc.a(lib_a-mlock.o)
                                                  c:/users/mau1sgh/mentorgraphics/sourcery_codebench_lite_for_arm_eabi/bin/../lib/gcc/arm-none-eabi/4.8.1/../../../../arm-none-eabi/lib\libc.a(lib_a-reallocr.o)
                                                  c:/users/mau1sgh/mentorgraphics/sourcery_codebench_lite_for_arm_eabi/bin/../lib/gcc/arm-none-eabi/4.8.1/../../../../arm-none-eabi/lib\libc.a(lib_a-mallocr.o)
                                                  c:/users/mau1sgh/mentorgraphics/sourcery_codebench_lite_for_arm_eabi/bin/../lib/gcc/arm-none-eabi/4.8.1/../../../../arm-none-eabi/lib\libc.a(lib_a-freer.o)
__mb_cur_max                                      c:/users/mau1sgh/mentorgraphics/sourcery_codebench_lite_for_arm_eabi/bin/../lib/gcc/arm-none-eabi/4.8.1/../../../../arm-none-eabi/lib\libc.a(lib_a-locale.o)
__mcmp                                            c:/users/mau1sgh/mentorgraphics/sourcery_codebench_lite_for_arm_eabi/bin/../lib/gcc/arm-none-eabi/4.8.1/../../../../arm-none-eabi/lib\libc.a(lib_a-mprec.o)
                                                  c:/users/mau1sgh/mentorgraphics/sourcery_codebench_lite_for_arm_eabi/bin/../lib/gcc/arm-none-eabi/4.8.1/../../../../arm-none-eabi/lib\libc.a(lib_a-dtoa.o)
__mdiff                                           c:/users/mau1sgh/mentorgraphics/sourcery_codebench_lite_for_arm_eabi/bin/../lib/gcc/arm-none-eabi/4.8.1/../../../../arm-none-eabi/lib\libc.a(lib_a-mprec.o)
                                                  c:/users/mau1sgh/mentorgraphics/sourcery_codebench_lite_for_arm_eabi/bin/../lib/gcc/arm-none-eabi/4.8.1/../../../../arm-none-eabi/lib\libc.a(lib_a-dtoa.o)
__mlocale_changed                                 c:/users/mau1sgh/mentorgraphics/sourcery_codebench_lite_for_arm_eabi/bin/../lib/gcc/arm-none-eabi/4.8.1/../../../../arm-none-eabi/lib\libc.a(lib_a-locale.o)
__mprec_bigtens                                   c:/users/mau1sgh/mentorgraphics/sourcery_codebench_lite_for_arm_eabi/bin/../lib/gcc/arm-none-eabi/4.8.1/../../../../arm-none-eabi/lib\libc.a(lib_a-mprec.o)
                                                  c:/users/mau1sgh/mentorgraphics/sourcery_codebench_lite_for_arm_eabi/bin/../lib/gcc/arm-none-eabi/4.8.1/../../../../arm-none-eabi/lib\libc.a(lib_a-dtoa.o)
__mprec_tens                                      c:/users/mau1sgh/mentorgraphics/sourcery_codebench_lite_for_arm_eabi/bin/../lib/gcc/arm-none-eabi/4.8.1/../../../../arm-none-eabi/lib\libc.a(lib_a-mprec.o)
                                                  c:/users/mau1sgh/mentorgraphics/sourcery_codebench_lite_for_arm_eabi/bin/../lib/gcc/arm-none-eabi/4.8.1/../../../../arm-none-eabi/lib\libc.a(lib_a-dtoa.o)
__mprec_tinytens                                  c:/users/mau1sgh/mentorgraphics/sourcery_codebench_lite_for_arm_eabi/bin/../lib/gcc/arm-none-eabi/4.8.1/../../../../arm-none-eabi/lib\libc.a(lib_a-mprec.o)
__muldf3                                          c:/users/mau1sgh/mentorgraphics/sourcery_codebench_lite_for_arm_eabi/bin/../lib/gcc/arm-none-eabi/4.8.1\libgcc.a(_arm_muldivdf3.o)
__multadd                                         c:/users/mau1sgh/mentorgraphics/sourcery_codebench_lite_for_arm_eabi/bin/../lib/gcc/arm-none-eabi/4.8.1/../../../../arm-none-eabi/lib\libc.a(lib_a-mprec.o)
                                                  c:/users/mau1sgh/mentorgraphics/sourcery_codebench_lite_for_arm_eabi/bin/../lib/gcc/arm-none-eabi/4.8.1/../../../../arm-none-eabi/lib\libc.a(lib_a-dtoa.o)
__multiply                                        c:/users/mau1sgh/mentorgraphics/sourcery_codebench_lite_for_arm_eabi/bin/../lib/gcc/arm-none-eabi/4.8.1/../../../../arm-none-eabi/lib\libc.a(lib_a-mprec.o)
                                                  c:/users/mau1sgh/mentorgraphics/sourcery_codebench_lite_for_arm_eabi/bin/../lib/gcc/arm-none-eabi/4.8.1/../../../../arm-none-eabi/lib\libc.a(lib_a-dtoa.o)
__nedf2                                           c:/users/mau1sgh/mentorgraphics/sourcery_codebench_lite_for_arm_eabi/bin/../lib/gcc/arm-none-eabi/4.8.1\libgcc.a(_arm_cmpdf2.o)
__nlocale_changed                                 c:/users/mau1sgh/mentorgraphics/sourcery_codebench_lite_for_arm_eabi/bin/../lib/gcc/arm-none-eabi/4.8.1/../../../../arm-none-eabi/lib\libc.a(lib_a-locale.o)
__pow5mult                                        c:/users/mau1sgh/mentorgraphics/sourcery_codebench_lite_for_arm_eabi/bin/../lib/gcc/arm-none-eabi/4.8.1/../../../../arm-none-eabi/lib\libc.a(lib_a-mprec.o)
                                                  c:/users/mau1sgh/mentorgraphics/sourcery_codebench_lite_for_arm_eabi/bin/../lib/gcc/arm-none-eabi/4.8.1/../../../../arm-none-eabi/lib\libc.a(lib_a-dtoa.o)
__ratio                                           c:/users/mau1sgh/mentorgraphics/sourcery_codebench_lite_for_arm_eabi/bin/../lib/gcc/arm-none-eabi/4.8.1/../../../../arm-none-eabi/lib\libc.a(lib_a-mprec.o)
__register_frame_info                             c:/users/mau1sgh/mentorgraphics/sourcery_codebench_lite_for_arm_eabi/bin/../lib/gcc/arm-none-eabi/4.8.1/crtbegin.o
__s2b                                             c:/users/mau1sgh/mentorgraphics/sourcery_codebench_lite_for_arm_eabi/bin/../lib/gcc/arm-none-eabi/4.8.1/../../../../arm-none-eabi/lib\libc.a(lib_a-mprec.o)
__sclose                                          c:/users/mau1sgh/mentorgraphics/sourcery_codebench_lite_for_arm_eabi/bin/../lib/gcc/arm-none-eabi/4.8.1/../../../../arm-none-eabi/lib\libc.a(lib_a-stdio.o)
                                                  c:/users/mau1sgh/mentorgraphics/sourcery_codebench_lite_for_arm_eabi/bin/../lib/gcc/arm-none-eabi/4.8.1/../../../../arm-none-eabi/lib\libc.a(lib_a-findfp.o)
__seofread                                        c:/users/mau1sgh/mentorgraphics/sourcery_codebench_lite_for_arm_eabi/bin/../lib/gcc/arm-none-eabi/4.8.1/../../../../arm-none-eabi/lib\libc.a(lib_a-stdio.o)
__sflush_r                                        c:/users/mau1sgh/mentorgraphics/sourcery_codebench_lite_for_arm_eabi/bin/../lib/gcc/arm-none-eabi/4.8.1/../../../../arm-none-eabi/lib\libc.a(lib_a-fflush.o)
__sfmoreglue                                      c:/users/mau1sgh/mentorgraphics/sourcery_codebench_lite_for_arm_eabi/bin/../lib/gcc/arm-none-eabi/4.8.1/../../../../arm-none-eabi/lib\libc.a(lib_a-findfp.o)
__sfp                                             c:/users/mau1sgh/mentorgraphics/sourcery_codebench_lite_for_arm_eabi/bin/../lib/gcc/arm-none-eabi/4.8.1/../../../../arm-none-eabi/lib\libc.a(lib_a-findfp.o)
__sfp_lock_acquire                                c:/users/mau1sgh/mentorgraphics/sourcery_codebench_lite_for_arm_eabi/bin/../lib/gcc/arm-none-eabi/4.8.1/../../../../arm-none-eabi/lib\libc.a(lib_a-findfp.o)
                                                  c:/users/mau1sgh/mentorgraphics/sourcery_codebench_lite_for_arm_eabi/bin/../lib/gcc/arm-none-eabi/4.8.1/../../../../arm-none-eabi/lib\libc.a(lib_a-fclose.o)
__sfp_lock_release                                c:/users/mau1sgh/mentorgraphics/sourcery_codebench_lite_for_arm_eabi/bin/../lib/gcc/arm-none-eabi/4.8.1/../../../../arm-none-eabi/lib\libc.a(lib_a-findfp.o)
                                                  c:/users/mau1sgh/mentorgraphics/sourcery_codebench_lite_for_arm_eabi/bin/../lib/gcc/arm-none-eabi/4.8.1/../../../../arm-none-eabi/lib\libc.a(lib_a-fclose.o)
__sfvwrite_r                                      c:/users/mau1sgh/mentorgraphics/sourcery_codebench_lite_for_arm_eabi/bin/../lib/gcc/arm-none-eabi/4.8.1/../../../../arm-none-eabi/lib\libc.a(lib_a-fvwrite.o)
                                                  c:/users/mau1sgh/mentorgraphics/sourcery_codebench_lite_for_arm_eabi/bin/../lib/gcc/arm-none-eabi/4.8.1/../../../../arm-none-eabi/lib\libc.a(lib_a-vfiprintf.o)
                                                  c:/users/mau1sgh/mentorgraphics/sourcery_codebench_lite_for_arm_eabi/bin/../lib/gcc/arm-none-eabi/4.8.1/../../../../arm-none-eabi/lib\libc.a(lib_a-puts.o)
__sinit                                           c:/users/mau1sgh/mentorgraphics/sourcery_codebench_lite_for_arm_eabi/bin/../lib/gcc/arm-none-eabi/4.8.1/../../../../arm-none-eabi/lib\libc.a(lib_a-findfp.o)
                                                  c:/users/mau1sgh/mentorgraphics/sourcery_codebench_lite_for_arm_eabi/bin/../lib/gcc/arm-none-eabi/4.8.1/../../../../arm-none-eabi/lib\libc.a(lib_a-wbuf.o)
                                                  c:/users/mau1sgh/mentorgraphics/sourcery_codebench_lite_for_arm_eabi/bin/../lib/gcc/arm-none-eabi/4.8.1/../../../../arm-none-eabi/lib\libc.a(lib_a-fputwc.o)
                                                  c:/users/mau1sgh/mentorgraphics/sourcery_codebench_lite_for_arm_eabi/bin/../lib/gcc/arm-none-eabi/4.8.1/../../../../arm-none-eabi/lib\libc.a(lib_a-fclose.o)
                                                  c:/users/mau1sgh/mentorgraphics/sourcery_codebench_lite_for_arm_eabi/bin/../lib/gcc/arm-none-eabi/4.8.1/../../../../arm-none-eabi/lib\libc.a(lib_a-vfiprintf.o)
                                                  c:/users/mau1sgh/mentorgraphics/sourcery_codebench_lite_for_arm_eabi/bin/../lib/gcc/arm-none-eabi/4.8.1/../../../../arm-none-eabi/lib\libc.a(lib_a-fflush.o)
                                                  c:/users/mau1sgh/mentorgraphics/sourcery_codebench_lite_for_arm_eabi/bin/../lib/gcc/arm-none-eabi/4.8.1/../../../../arm-none-eabi/lib\libc.a(lib_a-wsetup.o)
                                                  c:/users/mau1sgh/mentorgraphics/sourcery_codebench_lite_for_arm_eabi/bin/../lib/gcc/arm-none-eabi/4.8.1/../../../../arm-none-eabi/lib\libc.a(lib_a-vfprintf.o)
__sinit_lock_acquire                              c:/users/mau1sgh/mentorgraphics/sourcery_codebench_lite_for_arm_eabi/bin/../lib/gcc/arm-none-eabi/4.8.1/../../../../arm-none-eabi/lib\libc.a(lib_a-findfp.o)
__sinit_lock_release                              c:/users/mau1sgh/mentorgraphics/sourcery_codebench_lite_for_arm_eabi/bin/../lib/gcc/arm-none-eabi/4.8.1/../../../../arm-none-eabi/lib\libc.a(lib_a-findfp.o)
__smakebuf_r                                      c:/users/mau1sgh/mentorgraphics/sourcery_codebench_lite_for_arm_eabi/bin/../lib/gcc/arm-none-eabi/4.8.1/../../../../arm-none-eabi/lib\libc.a(lib_a-makebuf.o)
                                                  c:/users/mau1sgh/mentorgraphics/sourcery_codebench_lite_for_arm_eabi/bin/../lib/gcc/arm-none-eabi/4.8.1/../../../../arm-none-eabi/lib\libc.a(lib_a-wsetup.o)
__sprint_r                                        c:/users/mau1sgh/mentorgraphics/sourcery_codebench_lite_for_arm_eabi/bin/../lib/gcc/arm-none-eabi/4.8.1/../../../../arm-none-eabi/lib\libc.a(lib_a-vfiprintf.o)
                                                  c:/users/mau1sgh/mentorgraphics/sourcery_codebench_lite_for_arm_eabi/bin/../lib/gcc/arm-none-eabi/4.8.1/../../../../arm-none-eabi/lib\libc.a(lib_a-vfprintf.o)
__sread                                           c:/users/mau1sgh/mentorgraphics/sourcery_codebench_lite_for_arm_eabi/bin/../lib/gcc/arm-none-eabi/4.8.1/../../../../arm-none-eabi/lib\libc.a(lib_a-stdio.o)
                                                  c:/users/mau1sgh/mentorgraphics/sourcery_codebench_lite_for_arm_eabi/bin/../lib/gcc/arm-none-eabi/4.8.1/../../../../arm-none-eabi/lib\libc.a(lib_a-findfp.o)
__sseek                                           c:/users/mau1sgh/mentorgraphics/sourcery_codebench_lite_for_arm_eabi/bin/../lib/gcc/arm-none-eabi/4.8.1/../../../../arm-none-eabi/lib\libc.a(lib_a-stdio.o)
                                                  c:/users/mau1sgh/mentorgraphics/sourcery_codebench_lite_for_arm_eabi/bin/../lib/gcc/arm-none-eabi/4.8.1/../../../../arm-none-eabi/lib\libc.a(lib_a-makebuf.o)
                                                  c:/users/mau1sgh/mentorgraphics/sourcery_codebench_lite_for_arm_eabi/bin/../lib/gcc/arm-none-eabi/4.8.1/../../../../arm-none-eabi/lib\libc.a(lib_a-findfp.o)
__subdf3                                          c:/users/mau1sgh/mentorgraphics/sourcery_codebench_lite_for_arm_eabi/bin/../lib/gcc/arm-none-eabi/4.8.1\libgcc.a(_arm_addsubdf3.o)
__swbuf                                           c:/users/mau1sgh/mentorgraphics/sourcery_codebench_lite_for_arm_eabi/bin/../lib/gcc/arm-none-eabi/4.8.1/../../../../arm-none-eabi/lib\libc.a(lib_a-wbuf.o)
__swbuf_r                                         c:/users/mau1sgh/mentorgraphics/sourcery_codebench_lite_for_arm_eabi/bin/../lib/gcc/arm-none-eabi/4.8.1/../../../../arm-none-eabi/lib\libc.a(lib_a-wbuf.o)
                                                  c:/users/mau1sgh/mentorgraphics/sourcery_codebench_lite_for_arm_eabi/bin/../lib/gcc/arm-none-eabi/4.8.1/../../../../arm-none-eabi/lib\libc.a(lib_a-fputwc.o)
__swrite                                          c:/users/mau1sgh/mentorgraphics/sourcery_codebench_lite_for_arm_eabi/bin/../lib/gcc/arm-none-eabi/4.8.1/../../../../arm-none-eabi/lib\libc.a(lib_a-stdio.o)
                                                  c:/users/mau1sgh/mentorgraphics/sourcery_codebench_lite_for_arm_eabi/bin/../lib/gcc/arm-none-eabi/4.8.1/../../../../arm-none-eabi/lib\libc.a(lib_a-findfp.o)
__swsetup_r                                       c:/users/mau1sgh/mentorgraphics/sourcery_codebench_lite_for_arm_eabi/bin/../lib/gcc/arm-none-eabi/4.8.1/../../../../arm-none-eabi/lib\libc.a(lib_a-wsetup.o)
                                                  c:/users/mau1sgh/mentorgraphics/sourcery_codebench_lite_for_arm_eabi/bin/../lib/gcc/arm-none-eabi/4.8.1/../../../../arm-none-eabi/lib\libc.a(lib_a-wbuf.o)
                                                  c:/users/mau1sgh/mentorgraphics/sourcery_codebench_lite_for_arm_eabi/bin/../lib/gcc/arm-none-eabi/4.8.1/../../../../arm-none-eabi/lib\libc.a(lib_a-vfiprintf.o)
                                                  c:/users/mau1sgh/mentorgraphics/sourcery_codebench_lite_for_arm_eabi/bin/../lib/gcc/arm-none-eabi/4.8.1/../../../../arm-none-eabi/lib\libc.a(lib_a-fvwrite.o)
                                                  c:/users/mau1sgh/mentorgraphics/sourcery_codebench_lite_for_arm_eabi/bin/../lib/gcc/arm-none-eabi/4.8.1/../../../../arm-none-eabi/lib\libc.a(lib_a-vfprintf.o)
__udivdi3                                         c:/users/mau1sgh/mentorgraphics/sourcery_codebench_lite_for_arm_eabi/bin/../lib/gcc/arm-none-eabi/4.8.1\libgcc.a(_udivdi3.o)
                                                  c:/users/mau1sgh/mentorgraphics/sourcery_codebench_lite_for_arm_eabi/bin/../lib/gcc/arm-none-eabi/4.8.1\libgcc.a(bpabi.o)
__udivsi3                                         c:/users/mau1sgh/mentorgraphics/sourcery_codebench_lite_for_arm_eabi/bin/../lib/gcc/arm-none-eabi/4.8.1\libgcc.a(_udivsi3.o)
__ulp                                             c:/users/mau1sgh/mentorgraphics/sourcery_codebench_lite_for_arm_eabi/bin/../lib/gcc/arm-none-eabi/4.8.1/../../../../arm-none-eabi/lib\libc.a(lib_a-mprec.o)
__wctomb                                          c:/users/mau1sgh/mentorgraphics/sourcery_codebench_lite_for_arm_eabi/bin/../lib/gcc/arm-none-eabi/4.8.1/../../../../arm-none-eabi/lib\libc.a(lib_a-wctomb_r.o)
                                                  c:/users/mau1sgh/mentorgraphics/sourcery_codebench_lite_for_arm_eabi/bin/../lib/gcc/arm-none-eabi/4.8.1/../../../../arm-none-eabi/lib\libc.a(lib_a-wcrtomb.o)
_calloc_r                                         c:/users/mau1sgh/mentorgraphics/sourcery_codebench_lite_for_arm_eabi/bin/../lib/gcc/arm-none-eabi/4.8.1/../../../../arm-none-eabi/lib\libc.a(lib_a-callocr.o)
                                                  c:/users/mau1sgh/mentorgraphics/sourcery_codebench_lite_for_arm_eabi/bin/../lib/gcc/arm-none-eabi/4.8.1/../../../../arm-none-eabi/lib\libc.a(lib_a-mprec.o)
_cleanup                                          c:/users/mau1sgh/mentorgraphics/sourcery_codebench_lite_for_arm_eabi/bin/../lib/gcc/arm-none-eabi/4.8.1/../../../../arm-none-eabi/lib\libc.a(lib_a-findfp.o)
_cleanup_r                                        c:/users/mau1sgh/mentorgraphics/sourcery_codebench_lite_for_arm_eabi/bin/../lib/gcc/arm-none-eabi/4.8.1/../../../../arm-none-eabi/lib\libc.a(lib_a-findfp.o)
                                                  c:/users/mau1sgh/mentorgraphics/sourcery_codebench_lite_for_arm_eabi/bin/../lib/gcc/arm-none-eabi/4.8.1/../../../../arm-none-eabi/lib\libc.a(lib_a-makebuf.o)
_close                                            c:/users/mau1sgh/mentorgraphics/sourcery_codebench_lite_for_arm_eabi/bin/../lib/gcc/arm-none-eabi/4.8.1/../../../../arm-none-eabi/lib\libc.a(lib_a-closer.o)
_close_r                                          c:/users/mau1sgh/mentorgraphics/sourcery_codebench_lite_for_arm_eabi/bin/../lib/gcc/arm-none-eabi/4.8.1/../../../../arm-none-eabi/lib\libc.a(lib_a-closer.o)
                                                  c:/users/mau1sgh/mentorgraphics/sourcery_codebench_lite_for_arm_eabi/bin/../lib/gcc/arm-none-eabi/4.8.1/../../../../arm-none-eabi/lib\libc.a(lib_a-stdio.o)
_dtoa_r                                           c:/users/mau1sgh/mentorgraphics/sourcery_codebench_lite_for_arm_eabi/bin/../lib/gcc/arm-none-eabi/4.8.1/../../../../arm-none-eabi/lib\libc.a(lib_a-dtoa.o)
                                                  c:/users/mau1sgh/mentorgraphics/sourcery_codebench_lite_for_arm_eabi/bin/../lib/gcc/arm-none-eabi/4.8.1/../../../../arm-none-eabi/lib\libc.a(lib_a-vfprintf.o)
_fclose_r                                         c:/users/mau1sgh/mentorgraphics/sourcery_codebench_lite_for_arm_eabi/bin/../lib/gcc/arm-none-eabi/4.8.1/../../../../arm-none-eabi/lib\libc.a(lib_a-fclose.o)
_fflush_r                                         c:/users/mau1sgh/mentorgraphics/sourcery_codebench_lite_for_arm_eabi/bin/../lib/gcc/arm-none-eabi/4.8.1/../../../../arm-none-eabi/lib\libc.a(lib_a-fflush.o)
                                                  c:/users/mau1sgh/mentorgraphics/sourcery_codebench_lite_for_arm_eabi/bin/../lib/gcc/arm-none-eabi/4.8.1/../../../../arm-none-eabi/lib\libc.a(lib_a-wbuf.o)
                                                  c:/users/mau1sgh/mentorgraphics/sourcery_codebench_lite_for_arm_eabi/bin/../lib/gcc/arm-none-eabi/4.8.1/../../../../arm-none-eabi/lib\libc.a(lib_a-fclose.o)
                                                  c:/users/mau1sgh/mentorgraphics/sourcery_codebench_lite_for_arm_eabi/bin/../lib/gcc/arm-none-eabi/4.8.1/../../../../arm-none-eabi/lib\libc.a(lib_a-vfiprintf.o)
                                                  c:/users/mau1sgh/mentorgraphics/sourcery_codebench_lite_for_arm_eabi/bin/../lib/gcc/arm-none-eabi/4.8.1/../../../../arm-none-eabi/lib\libc.a(lib_a-fvwrite.o)
                                                  c:/users/mau1sgh/mentorgraphics/sourcery_codebench_lite_for_arm_eabi/bin/../lib/gcc/arm-none-eabi/4.8.1/../../../../arm-none-eabi/lib\libc.a(lib_a-vfprintf.o)
_fini                                             c:/users/mau1sgh/mentorgraphics/sourcery_codebench_lite_for_arm_eabi/bin/../lib/gcc/arm-none-eabi/4.8.1/crti.o
_fputwc_r                                         c:/users/mau1sgh/mentorgraphics/sourcery_codebench_lite_for_arm_eabi/bin/../lib/gcc/arm-none-eabi/4.8.1/../../../../arm-none-eabi/lib\libc.a(lib_a-fputwc.o)
                                                  c:/users/mau1sgh/mentorgraphics/sourcery_codebench_lite_for_arm_eabi/bin/../lib/gcc/arm-none-eabi/4.8.1/../../../../arm-none-eabi/lib\libc.a(lib_a-vfiprintf.o)
_free_r                                           c:/users/mau1sgh/mentorgraphics/sourcery_codebench_lite_for_arm_eabi/bin/../lib/gcc/arm-none-eabi/4.8.1/../../../../arm-none-eabi/lib\libc.a(lib_a-freer.o)
                                                  c:/users/mau1sgh/mentorgraphics/sourcery_codebench_lite_for_arm_eabi/bin/../lib/gcc/arm-none-eabi/4.8.1/../../../../arm-none-eabi/lib\libc.a(lib_a-reent.o)
                                                  c:/users/mau1sgh/mentorgraphics/sourcery_codebench_lite_for_arm_eabi/bin/../lib/gcc/arm-none-eabi/4.8.1/../../../../arm-none-eabi/lib\libc.a(lib_a-fclose.o)
                                                  c:/users/mau1sgh/mentorgraphics/sourcery_codebench_lite_for_arm_eabi/bin/../lib/gcc/arm-none-eabi/4.8.1/../../../../arm-none-eabi/lib\libc.a(lib_a-reallocr.o)
                                                  c:/users/mau1sgh/mentorgraphics/sourcery_codebench_lite_for_arm_eabi/bin/../lib/gcc/arm-none-eabi/4.8.1/../../../../arm-none-eabi/lib\libc.a(lib_a-mallocr.o)
                                                  c:/users/mau1sgh/mentorgraphics/sourcery_codebench_lite_for_arm_eabi/bin/../lib/gcc/arm-none-eabi/4.8.1/../../../../arm-none-eabi/lib\libc.a(lib_a-fvwrite.o)
                                                  c:/users/mau1sgh/mentorgraphics/sourcery_codebench_lite_for_arm_eabi/bin/../lib/gcc/arm-none-eabi/4.8.1/../../../../arm-none-eabi/lib\libc.a(lib_a-fflush.o)
                                                  c:/users/mau1sgh/mentorgraphics/sourcery_codebench_lite_for_arm_eabi/bin/../lib/gcc/arm-none-eabi/4.8.1/../../../../arm-none-eabi/lib\libc.a(lib_a-wsetup.o)
_fstat                                            c:/users/mau1sgh/mentorgraphics/sourcery_codebench_lite_for_arm_eabi/bin/../lib/gcc/arm-none-eabi/4.8.1/../../../../arm-none-eabi/lib\libc.a(lib_a-fstatr.o)
_fstat_r                                          c:/users/mau1sgh/mentorgraphics/sourcery_codebench_lite_for_arm_eabi/bin/../lib/gcc/arm-none-eabi/4.8.1/../../../../arm-none-eabi/lib\libc.a(lib_a-fstatr.o)
                                                  c:/users/mau1sgh/mentorgraphics/sourcery_codebench_lite_for_arm_eabi/bin/../lib/gcc/arm-none-eabi/4.8.1/../../../../arm-none-eabi/lib\libc.a(lib_a-makebuf.o)
_fwalk                                            c:/users/mau1sgh/mentorgraphics/sourcery_codebench_lite_for_arm_eabi/bin/../lib/gcc/arm-none-eabi/4.8.1/../../../../arm-none-eabi/lib\libc.a(lib_a-fwalk.o)
                                                  c:/users/mau1sgh/mentorgraphics/sourcery_codebench_lite_for_arm_eabi/bin/../lib/gcc/arm-none-eabi/4.8.1/../../../../arm-none-eabi/lib\libc.a(lib_a-findfp.o)
_fwalk_reent                                      c:/users/mau1sgh/mentorgraphics/sourcery_codebench_lite_for_arm_eabi/bin/../lib/gcc/arm-none-eabi/4.8.1/../../../../arm-none-eabi/lib\libc.a(lib_a-fwalk.o)
                                                  c:/users/mau1sgh/mentorgraphics/sourcery_codebench_lite_for_arm_eabi/bin/../lib/gcc/arm-none-eabi/4.8.1/../../../../arm-none-eabi/lib\libc.a(lib_a-fflush.o)
_global_impure_ptr                                c:/users/mau1sgh/mentorgraphics/sourcery_codebench_lite_for_arm_eabi/bin/../lib/gcc/arm-none-eabi/4.8.1/../../../../arm-none-eabi/lib\libc.a(lib_a-impure.o)
                                                  c:/users/mau1sgh/mentorgraphics/sourcery_codebench_lite_for_arm_eabi/bin/../lib/gcc/arm-none-eabi/4.8.1/../../../../arm-none-eabi/lib\libc.a(lib_a-findfp.o)
                                                  c:/users/mau1sgh/mentorgraphics/sourcery_codebench_lite_for_arm_eabi/bin/../lib/gcc/arm-none-eabi/4.8.1/../../../../arm-none-eabi/lib\libc.a(lib_a-fflush.o)
_impure_ptr                                       c:/users/mau1sgh/mentorgraphics/sourcery_codebench_lite_for_arm_eabi/bin/../lib/gcc/arm-none-eabi/4.8.1/../../../../arm-none-eabi/lib\libc.a(lib_a-impure.o)
                                                  c:/users/mau1sgh/mentorgraphics/sourcery_codebench_lite_for_arm_eabi/bin/../lib/gcc/arm-none-eabi/4.8.1/../../../../arm-none-eabi/lib\libc.a(lib_a-wcrtomb.o)
                                                  c:/users/mau1sgh/mentorgraphics/sourcery_codebench_lite_for_arm_eabi/bin/../lib/gcc/arm-none-eabi/4.8.1/../../../../arm-none-eabi/lib\libc.a(lib_a-wbuf.o)
                                                  c:/users/mau1sgh/mentorgraphics/sourcery_codebench_lite_for_arm_eabi/bin/../lib/gcc/arm-none-eabi/4.8.1/../../../../arm-none-eabi/lib\libc.a(lib_a-reent.o)
                                                  c:/users/mau1sgh/mentorgraphics/sourcery_codebench_lite_for_arm_eabi/bin/../lib/gcc/arm-none-eabi/4.8.1/../../../../arm-none-eabi/lib\libc.a(lib_a-fputwc.o)
                                                  c:/users/mau1sgh/mentorgraphics/sourcery_codebench_lite_for_arm_eabi/bin/../lib/gcc/arm-none-eabi/4.8.1/../../../../arm-none-eabi/lib\libc.a(lib_a-fclose.o)
                                                  c:/users/mau1sgh/mentorgraphics/sourcery_codebench_lite_for_arm_eabi/bin/../lib/gcc/arm-none-eabi/4.8.1/../../../../arm-none-eabi/lib\libc.a(lib_a-vfiprintf.o)
                                                  c:/users/mau1sgh/mentorgraphics/sourcery_codebench_lite_for_arm_eabi/bin/../lib/gcc/arm-none-eabi/4.8.1/../../../../arm-none-eabi/lib\libc.a(lib_a-locale.o)
                                                  c:/users/mau1sgh/mentorgraphics/sourcery_codebench_lite_for_arm_eabi/bin/../lib/gcc/arm-none-eabi/4.8.1/../../../../arm-none-eabi/lib\libc.a(lib_a-findfp.o)
                                                  c:/users/mau1sgh/mentorgraphics/sourcery_codebench_lite_for_arm_eabi/bin/../lib/gcc/arm-none-eabi/4.8.1/../../../../arm-none-eabi/lib\libc.a(lib_a-fflush.o)
                                                  c:/users/mau1sgh/mentorgraphics/sourcery_codebench_lite_for_arm_eabi/bin/../lib/gcc/arm-none-eabi/4.8.1/../../../../arm-none-eabi/lib\libc.a(lib_a-wsetup.o)
                                                  c:/users/mau1sgh/mentorgraphics/sourcery_codebench_lite_for_arm_eabi/bin/../lib/gcc/arm-none-eabi/4.8.1/../../../../arm-none-eabi/lib\libc.a(lib_a-vfprintf.o)
                                                  c:/users/mau1sgh/mentorgraphics/sourcery_codebench_lite_for_arm_eabi/bin/../lib/gcc/arm-none-eabi/4.8.1/../../../../arm-none-eabi/lib\libc.a(lib_a-puts.o)
                                                  c:/users/mau1sgh/mentorgraphics/sourcery_codebench_lite_for_arm_eabi/bin/../lib/gcc/arm-none-eabi/4.8.1/../../../../arm-none-eabi/lib\libc.a(lib_a-printf.o)
_init                                             c:/users/mau1sgh/mentorgraphics/sourcery_codebench_lite_for_arm_eabi/bin/../lib/gcc/arm-none-eabi/4.8.1/crti.o
_isatty                                           c:/users/mau1sgh/mentorgraphics/sourcery_codebench_lite_for_arm_eabi/bin/../lib/gcc/arm-none-eabi/4.8.1/../../../../arm-none-eabi/lib\libc.a(lib_a-isattyr.o)
_isatty_r                                         c:/users/mau1sgh/mentorgraphics/sourcery_codebench_lite_for_arm_eabi/bin/../lib/gcc/arm-none-eabi/4.8.1/../../../../arm-none-eabi/lib\libc.a(lib_a-isattyr.o)
                                                  c:/users/mau1sgh/mentorgraphics/sourcery_codebench_lite_for_arm_eabi/bin/../lib/gcc/arm-none-eabi/4.8.1/../../../../arm-none-eabi/lib\libc.a(lib_a-makebuf.o)
_localeconv_r                                     c:/users/mau1sgh/mentorgraphics/sourcery_codebench_lite_for_arm_eabi/bin/../lib/gcc/arm-none-eabi/4.8.1/../../../../arm-none-eabi/lib\libc.a(lib_a-locale.o)
                                                  c:/users/mau1sgh/mentorgraphics/sourcery_codebench_lite_for_arm_eabi/bin/../lib/gcc/arm-none-eabi/4.8.1/../../../../arm-none-eabi/lib\libc.a(lib_a-vfprintf.o)
_lseek                                            c:/users/mau1sgh/mentorgraphics/sourcery_codebench_lite_for_arm_eabi/bin/../lib/gcc/arm-none-eabi/4.8.1/../../../../arm-none-eabi/lib\libc.a(lib_a-lseekr.o)
_lseek_r                                          c:/users/mau1sgh/mentorgraphics/sourcery_codebench_lite_for_arm_eabi/bin/../lib/gcc/arm-none-eabi/4.8.1/../../../../arm-none-eabi/lib\libc.a(lib_a-lseekr.o)
                                                  c:/users/mau1sgh/mentorgraphics/sourcery_codebench_lite_for_arm_eabi/bin/../lib/gcc/arm-none-eabi/4.8.1/../../../../arm-none-eabi/lib\libc.a(lib_a-stdio.o)
_malloc_r                                         c:/users/mau1sgh/mentorgraphics/sourcery_codebench_lite_for_arm_eabi/bin/../lib/gcc/arm-none-eabi/4.8.1/../../../../arm-none-eabi/lib\libc.a(lib_a-mallocr.o)
                                                  c:/users/mau1sgh/mentorgraphics/sourcery_codebench_lite_for_arm_eabi/bin/../lib/gcc/arm-none-eabi/4.8.1/../../../../arm-none-eabi/lib\libc.a(lib_a-callocr.o)
                                                  c:/users/mau1sgh/mentorgraphics/sourcery_codebench_lite_for_arm_eabi/bin/../lib/gcc/arm-none-eabi/4.8.1/../../../../arm-none-eabi/lib\libc.a(lib_a-reallocr.o)
                                                  c:/users/mau1sgh/mentorgraphics/sourcery_codebench_lite_for_arm_eabi/bin/../lib/gcc/arm-none-eabi/4.8.1/../../../../arm-none-eabi/lib\libc.a(lib_a-makebuf.o)
                                                  c:/users/mau1sgh/mentorgraphics/sourcery_codebench_lite_for_arm_eabi/bin/../lib/gcc/arm-none-eabi/4.8.1/../../../../arm-none-eabi/lib\libc.a(lib_a-fvwrite.o)
                                                  c:/users/mau1sgh/mentorgraphics/sourcery_codebench_lite_for_arm_eabi/bin/../lib/gcc/arm-none-eabi/4.8.1/../../../../arm-none-eabi/lib\libc.a(lib_a-findfp.o)
_malloc_trim_r                                    c:/users/mau1sgh/mentorgraphics/sourcery_codebench_lite_for_arm_eabi/bin/../lib/gcc/arm-none-eabi/4.8.1/../../../../arm-none-eabi/lib\libc.a(lib_a-freer.o)
_mprec_log10                                      c:/users/mau1sgh/mentorgraphics/sourcery_codebench_lite_for_arm_eabi/bin/../lib/gcc/arm-none-eabi/4.8.1/../../../../arm-none-eabi/lib\libc.a(lib_a-mprec.o)
_printf_r                                         c:/users/mau1sgh/mentorgraphics/sourcery_codebench_lite_for_arm_eabi/bin/../lib/gcc/arm-none-eabi/4.8.1/../../../../arm-none-eabi/lib\libc.a(lib_a-printf.o)
_puts_r                                           c:/users/mau1sgh/mentorgraphics/sourcery_codebench_lite_for_arm_eabi/bin/../lib/gcc/arm-none-eabi/4.8.1/../../../../arm-none-eabi/lib\libc.a(lib_a-puts.o)
_read                                             c:/users/mau1sgh/mentorgraphics/sourcery_codebench_lite_for_arm_eabi/bin/../lib/gcc/arm-none-eabi/4.8.1/../../../../arm-none-eabi/lib\libc.a(lib_a-readr.o)
_read_r                                           c:/users/mau1sgh/mentorgraphics/sourcery_codebench_lite_for_arm_eabi/bin/../lib/gcc/arm-none-eabi/4.8.1/../../../../arm-none-eabi/lib\libc.a(lib_a-readr.o)
                                                  c:/users/mau1sgh/mentorgraphics/sourcery_codebench_lite_for_arm_eabi/bin/../lib/gcc/arm-none-eabi/4.8.1/../../../../arm-none-eabi/lib\libc.a(lib_a-stdio.o)
_realloc_r                                        c:/users/mau1sgh/mentorgraphics/sourcery_codebench_lite_for_arm_eabi/bin/../lib/gcc/arm-none-eabi/4.8.1/../../../../arm-none-eabi/lib\libc.a(lib_a-reallocr.o)
                                                  c:/users/mau1sgh/mentorgraphics/sourcery_codebench_lite_for_arm_eabi/bin/../lib/gcc/arm-none-eabi/4.8.1/../../../../arm-none-eabi/lib\libc.a(lib_a-fvwrite.o)
_reclaim_reent                                    c:/users/mau1sgh/mentorgraphics/sourcery_codebench_lite_for_arm_eabi/bin/../lib/gcc/arm-none-eabi/4.8.1/../../../../arm-none-eabi/lib\libc.a(lib_a-reent.o)
_sbrk                                             c:/users/mau1sgh/mentorgraphics/sourcery_codebench_lite_for_arm_eabi/bin/../lib/gcc/arm-none-eabi/4.8.1/../../../../arm-none-eabi/lib\libc.a(lib_a-sbrkr.o)
_sbrk_r                                           c:/users/mau1sgh/mentorgraphics/sourcery_codebench_lite_for_arm_eabi/bin/../lib/gcc/arm-none-eabi/4.8.1/../../../../arm-none-eabi/lib\libc.a(lib_a-sbrkr.o)
                                                  c:/users/mau1sgh/mentorgraphics/sourcery_codebench_lite_for_arm_eabi/bin/../lib/gcc/arm-none-eabi/4.8.1/../../../../arm-none-eabi/lib\libc.a(lib_a-mallocr.o)
                                                  c:/users/mau1sgh/mentorgraphics/sourcery_codebench_lite_for_arm_eabi/bin/../lib/gcc/arm-none-eabi/4.8.1/../../../../arm-none-eabi/lib\libc.a(lib_a-freer.o)
_setlocale_r                                      c:/users/mau1sgh/mentorgraphics/sourcery_codebench_lite_for_arm_eabi/bin/../lib/gcc/arm-none-eabi/4.8.1/../../../../arm-none-eabi/lib\libc.a(lib_a-locale.o)
_vfiprintf_r                                      c:/users/mau1sgh/mentorgraphics/sourcery_codebench_lite_for_arm_eabi/bin/../lib/gcc/arm-none-eabi/4.8.1/../../../../arm-none-eabi/lib\libc.a(lib_a-vfiprintf.o)
_vfprintf_r                                       c:/users/mau1sgh/mentorgraphics/sourcery_codebench_lite_for_arm_eabi/bin/../lib/gcc/arm-none-eabi/4.8.1/../../../../arm-none-eabi/lib\libc.a(lib_a-vfprintf.o)
                                                  c:/users/mau1sgh/mentorgraphics/sourcery_codebench_lite_for_arm_eabi/bin/../lib/gcc/arm-none-eabi/4.8.1/../../../../arm-none-eabi/lib\libc.a(lib_a-printf.o)
_wcrtomb_r                                        c:/users/mau1sgh/mentorgraphics/sourcery_codebench_lite_for_arm_eabi/bin/../lib/gcc/arm-none-eabi/4.8.1/../../../../arm-none-eabi/lib\libc.a(lib_a-wcrtomb.o)
                                                  c:/users/mau1sgh/mentorgraphics/sourcery_codebench_lite_for_arm_eabi/bin/../lib/gcc/arm-none-eabi/4.8.1/../../../../arm-none-eabi/lib\libc.a(lib_a-fputwc.o)
_wctomb_r                                         c:/users/mau1sgh/mentorgraphics/sourcery_codebench_lite_for_arm_eabi/bin/../lib/gcc/arm-none-eabi/4.8.1/../../../../arm-none-eabi/lib\libc.a(lib_a-wctomb_r.o)
_write                                            c:/users/mau1sgh/mentorgraphics/sourcery_codebench_lite_for_arm_eabi/bin/../lib/gcc/arm-none-eabi/4.8.1/../../../../arm-none-eabi/lib\libc.a(lib_a-writer.o)
_write_r                                          c:/users/mau1sgh/mentorgraphics/sourcery_codebench_lite_for_arm_eabi/bin/../lib/gcc/arm-none-eabi/4.8.1/../../../../arm-none-eabi/lib\libc.a(lib_a-writer.o)
                                                  c:/users/mau1sgh/mentorgraphics/sourcery_codebench_lite_for_arm_eabi/bin/../lib/gcc/arm-none-eabi/4.8.1/../../../../arm-none-eabi/lib\libc.a(lib_a-stdio.o)
cleanup_glue                                      c:/users/mau1sgh/mentorgraphics/sourcery_codebench_lite_for_arm_eabi/bin/../lib/gcc/arm-none-eabi/4.8.1/../../../../arm-none-eabi/lib\libc.a(lib_a-reent.o)
errno                                             c:/users/mau1sgh/mentorgraphics/sourcery_codebench_lite_for_arm_eabi/bin/../lib/gcc/arm-none-eabi/4.8.1/../../../../arm-none-eabi/lib\libc.a(lib_a-reent.o)
                                                  c:/users/mau1sgh/mentorgraphics/sourcery_codebench_lite_for_arm_eabi/bin/../lib/gcc/arm-none-eabi/4.8.1/../../../../arm-none-eabi/lib\libc.a(lib_a-readr.o)
                                                  c:/users/mau1sgh/mentorgraphics/sourcery_codebench_lite_for_arm_eabi/bin/../lib/gcc/arm-none-eabi/4.8.1/../../../../arm-none-eabi/lib\libc.a(lib_a-lseekr.o)
                                                  c:/users/mau1sgh/mentorgraphics/sourcery_codebench_lite_for_arm_eabi/bin/../lib/gcc/arm-none-eabi/4.8.1/../../../../arm-none-eabi/lib\libc.a(lib_a-isattyr.o)
                                                  c:/users/mau1sgh/mentorgraphics/sourcery_codebench_lite_for_arm_eabi/bin/../lib/gcc/arm-none-eabi/4.8.1/../../../../arm-none-eabi/lib\libc.a(lib_a-fstatr.o)
                                                  c:/users/mau1sgh/mentorgraphics/sourcery_codebench_lite_for_arm_eabi/bin/../lib/gcc/arm-none-eabi/4.8.1/../../../../arm-none-eabi/lib\libc.a(lib_a-closer.o)
                                                  c:/users/mau1sgh/mentorgraphics/sourcery_codebench_lite_for_arm_eabi/bin/../lib/gcc/arm-none-eabi/4.8.1/../../../../arm-none-eabi/lib\libc.a(lib_a-writer.o)
                                                  c:/users/mau1sgh/mentorgraphics/sourcery_codebench_lite_for_arm_eabi/bin/../lib/gcc/arm-none-eabi/4.8.1/../../../../arm-none-eabi/lib\libc.a(lib_a-sbrkr.o)
fclose                                            c:/users/mau1sgh/mentorgraphics/sourcery_codebench_lite_for_arm_eabi/bin/../lib/gcc/arm-none-eabi/4.8.1/../../../../arm-none-eabi/lib\libc.a(lib_a-fclose.o)
                                                  c:/users/mau1sgh/mentorgraphics/sourcery_codebench_lite_for_arm_eabi/bin/../lib/gcc/arm-none-eabi/4.8.1/../../../../arm-none-eabi/lib\libc.a(lib_a-findfp.o)
fflush                                            c:/users/mau1sgh/mentorgraphics/sourcery_codebench_lite_for_arm_eabi/bin/../lib/gcc/arm-none-eabi/4.8.1/../../../../arm-none-eabi/lib\libc.a(lib_a-fflush.o)
fputwc                                            c:/users/mau1sgh/mentorgraphics/sourcery_codebench_lite_for_arm_eabi/bin/../lib/gcc/arm-none-eabi/4.8.1/../../../../arm-none-eabi/lib\libc.a(lib_a-fputwc.o)
hard_fault_handler_c                              ./out/main.o
localeconv                                        c:/users/mau1sgh/mentorgraphics/sourcery_codebench_lite_for_arm_eabi/bin/../lib/gcc/arm-none-eabi/4.8.1/../../../../arm-none-eabi/lib\libc.a(lib_a-locale.o)
main                                              ./out/main.o
memchr                                            c:/users/mau1sgh/mentorgraphics/sourcery_codebench_lite_for_arm_eabi/bin/../lib/gcc/arm-none-eabi/4.8.1/../../../../arm-none-eabi/lib\libc.a(lib_a-memchr-stub.o)
                                                  c:/users/mau1sgh/mentorgraphics/sourcery_codebench_lite_for_arm_eabi/bin/../lib/gcc/arm-none-eabi/4.8.1/../../../../arm-none-eabi/lib\libc.a(lib_a-vfiprintf.o)
                                                  c:/users/mau1sgh/mentorgraphics/sourcery_codebench_lite_for_arm_eabi/bin/../lib/gcc/arm-none-eabi/4.8.1/../../../../arm-none-eabi/lib\libc.a(lib_a-fvwrite.o)
                                                  c:/users/mau1sgh/mentorgraphics/sourcery_codebench_lite_for_arm_eabi/bin/../lib/gcc/arm-none-eabi/4.8.1/../../../../arm-none-eabi/lib\libc.a(lib_a-vfprintf.o)
memcpy                                            c:/users/mau1sgh/mentorgraphics/sourcery_codebench_lite_for_arm_eabi/bin/../lib/gcc/arm-none-eabi/4.8.1/../../../../arm-none-eabi/lib\libc.a(lib_a-memcpy-stub.o)
                                                  c:/users/mau1sgh/mentorgraphics/sourcery_codebench_lite_for_arm_eabi/bin/../lib/gcc/arm-none-eabi/4.8.1/../../../../arm-none-eabi/lib\libc.a(lib_a-mprec.o)
                                                  c:/users/mau1sgh/mentorgraphics/sourcery_codebench_lite_for_arm_eabi/bin/../lib/gcc/arm-none-eabi/4.8.1/../../../../arm-none-eabi/lib\libc.a(lib_a-fvwrite.o)
                                                  c:/users/mau1sgh/mentorgraphics/sourcery_codebench_lite_for_arm_eabi/bin/../lib/gcc/arm-none-eabi/4.8.1/../../../../arm-none-eabi/lib\libc.a(lib_a-dtoa.o)
memmove                                           c:/users/mau1sgh/mentorgraphics/sourcery_codebench_lite_for_arm_eabi/bin/../lib/gcc/arm-none-eabi/4.8.1/../../../../arm-none-eabi/lib\libc.a(lib_a-memmove.o)
                                                  c:/users/mau1sgh/mentorgraphics/sourcery_codebench_lite_for_arm_eabi/bin/../lib/gcc/arm-none-eabi/4.8.1/../../../../arm-none-eabi/lib\libc.a(lib_a-reallocr.o)
                                                  c:/users/mau1sgh/mentorgraphics/sourcery_codebench_lite_for_arm_eabi/bin/../lib/gcc/arm-none-eabi/4.8.1/../../../../arm-none-eabi/lib\libc.a(lib_a-fvwrite.o)
memset                                            c:/users/mau1sgh/mentorgraphics/sourcery_codebench_lite_for_arm_eabi/bin/../lib/gcc/arm-none-eabi/4.8.1/../../../../arm-none-eabi/lib\libc.a(lib_a-memset.o)
                                                  c:/users/mau1sgh/mentorgraphics/sourcery_codebench_lite_for_arm_eabi/bin/../lib/gcc/arm-none-eabi/4.8.1/../../../../arm-none-eabi/lib\libc.a(lib_a-callocr.o)
                                                  c:/users/mau1sgh/mentorgraphics/sourcery_codebench_lite_for_arm_eabi/bin/../lib/gcc/arm-none-eabi/4.8.1/../../../../arm-none-eabi/lib\libc.a(lib_a-findfp.o)
printf                                            c:/users/mau1sgh/mentorgraphics/sourcery_codebench_lite_for_arm_eabi/bin/../lib/gcc/arm-none-eabi/4.8.1/../../../../arm-none-eabi/lib\libc.a(lib_a-printf.o)
                                                  ./out/main.o
puts                                              c:/users/mau1sgh/mentorgraphics/sourcery_codebench_lite_for_arm_eabi/bin/../lib/gcc/arm-none-eabi/4.8.1/../../../../arm-none-eabi/lib\libc.a(lib_a-puts.o)
                                                  ./out/main.o
setlocale                                         c:/users/mau1sgh/mentorgraphics/sourcery_codebench_lite_for_arm_eabi/bin/../lib/gcc/arm-none-eabi/4.8.1/../../../../arm-none-eabi/lib\libc.a(lib_a-locale.o)
strcmp                                            c:/users/mau1sgh/mentorgraphics/sourcery_codebench_lite_for_arm_eabi/bin/../lib/gcc/arm-none-eabi/4.8.1/../../../../arm-none-eabi/lib\libc.a(lib_a-strcmp.o)
                                                  c:/users/mau1sgh/mentorgraphics/sourcery_codebench_lite_for_arm_eabi/bin/../lib/gcc/arm-none-eabi/4.8.1/../../../../arm-none-eabi/lib\libc.a(lib_a-locale.o)
strlen                                            c:/users/mau1sgh/mentorgraphics/sourcery_codebench_lite_for_arm_eabi/bin/../lib/gcc/arm-none-eabi/4.8.1/../../../../arm-none-eabi/lib\libc.a(lib_a-strlen.o)
                                                  c:/users/mau1sgh/mentorgraphics/sourcery_codebench_lite_for_arm_eabi/bin/../lib/gcc/arm-none-eabi/4.8.1/../../../../arm-none-eabi/lib\libc.a(lib_a-vfiprintf.o)
                                                  c:/users/mau1sgh/mentorgraphics/sourcery_codebench_lite_for_arm_eabi/bin/../lib/gcc/arm-none-eabi/4.8.1/../../../../arm-none-eabi/lib\libc.a(lib_a-vfprintf.o)
                                                  c:/users/mau1sgh/mentorgraphics/sourcery_codebench_lite_for_arm_eabi/bin/../lib/gcc/arm-none-eabi/4.8.1/../../../../arm-none-eabi/lib\libc.a(lib_a-puts.o)
twi                                               ./out/main.o
vfiprintf                                         c:/users/mau1sgh/mentorgraphics/sourcery_codebench_lite_for_arm_eabi/bin/../lib/gcc/arm-none-eabi/4.8.1/../../../../arm-none-eabi/lib\libc.a(lib_a-vfiprintf.o)
vfprintf                                          c:/users/mau1sgh/mentorgraphics/sourcery_codebench_lite_for_arm_eabi/bin/../lib/gcc/arm-none-eabi/4.8.1/../../../../arm-none-eabi/lib\libc.a(lib_a-vfprintf.o)
wcrtomb                                           c:/users/mau1sgh/mentorgraphics/sourcery_codebench_lite_for_arm_eabi/bin/../lib/gcc/arm-none-eabi/4.8.1/../../../../arm-none-eabi/lib\libc.a(lib_a-wcrtomb.o)
out/x-os.elf  :
section           size        addr
.text              352     4194304
.bss                28   536870912
.stack            8196   536870940
.ARM.attributes     49           0
Total             8625


   text	   data	    bss	    dec	    hex	filename
    352	      0	   8224	   8576	   2180	out/x-os.elf
